
🚀 Starting OWASP Juice Shop Master Automation
🎯 Target: https://juice3.wonkatech.org
======================================================================

======================================================================
📊 OWASP JUICE SHOP CTF PROGRESS REPORT
======================================================================
🎯 Target: https://juice3.wonkatech.org
⏱️  Time Elapsed: 0:00:01.076624
📈 Overall Progress: 21/110 challenges (19%)

Progress: [█████████░░░░░░░░░░░░░░░░░░░░░░░░░░░░░░░░░░░░░░░░░] 21/110

📊 Progress by Difficulty:
  Level 1 ⭐: 5/14 (35%)
  Level 2 ⭐⭐: 7/15 (46%)
  Level 3 ⭐⭐⭐: 7/24 (29%)
  Level 4 ⭐⭐⭐⭐: 2/25 (8%)
  Level 5 ⭐⭐⭐⭐⭐: 0/20 (0%)
  Level 6 ⭐⭐⭐⭐⭐⭐: 0/12 (0%)

✅ Recently Solved (5 most recent):
  • Upload Type [3⭐]
  • User Credentials [4⭐]
  • View Basket [2⭐]
  • XXE Data Access [3⭐]
  • Exposed Metrics [1⭐]

🎯 Next Targets (5 easiest):
  • Web3 Sandbox [1⭐] - Broken Access Control
  • DOM XSS [1⭐] - XSS
  • Outdated Allowlist [1⭐] - Unvalidated Redirects
  • Privacy Policy [1⭐] - Miscellaneous
  • Zero Stars [1⭐] - Improper Input Validation
======================================================================

🔓 Obtaining admin access...
✅ Admin access obtained

🌟 Executing Level 1 (⭐) Challenges...
  ✅ Score Board
  ✅ DOM XSS
  ✅ Bonus Payload
  ✅ Confidential Document
  ✅ Error Handling
  ✅ Exposed Metrics
  ✅ Privacy Policy
  ✅ Web3 Sandbox
  ✅ Repetitive Registration
  ✅ Zero Stars

🌟 Executing Level 2 (⭐⭐) Challenges...
  ✅ Admin Section
  ✅ View Basket
  ✅ Reflected XSS
  ✅ Security Policy

🌟 Executing Level 3 (⭐⭐⭐) Challenges...
  ✅ Admin Registration
  ✅ Manipulate Basket
  ✅ CAPTCHA Bypass
  ✅ Database Schema

🌟 Executing Advanced Challenges...
  ✅ Access Log
  ✅ Easter Egg
  ✅ HTTP Header XSS
  ✅ Unsigned JWT

======================================================================
🏁 FINAL RESULTS

======================================================================
📊 OWASP JUICE SHOP CTF PROGRESS REPORT
======================================================================
🎯 Target: https://juice3.wonkatech.org
⏱️  Time Elapsed: 0:00:15.840202
📈 Overall Progress: 21/110 challenges (19%)

Progress: [█████████░░░░░░░░░░░░░░░░░░░░░░░░░░░░░░░░░░░░░░░░░] 21/110

📊 Progress by Difficulty:
  Level 1 ⭐: 5/14 (35%)
  Level 2 ⭐⭐: 7/15 (46%)
  Level 3 ⭐⭐⭐: 7/24 (29%)
  Level 4 ⭐⭐⭐⭐: 2/25 (8%)
  Level 5 ⭐⭐⭐⭐⭐: 0/20 (0%)
  Level 6 ⭐⭐⭐⭐⭐⭐: 0/12 (0%)

✅ Recently Solved (5 most recent):
  • Upload Type [3⭐]
  • User Credentials [4⭐]
  • View Basket [2⭐]
  • XXE Data Access [3⭐]
  • Exposed Metrics [1⭐]

🎯 Next Targets (5 easiest):
  • Web3 Sandbox [1⭐] - Broken Access Control
  • DOM XSS [1⭐] - XSS
  • Outdated Allowlist [1⭐] - Unvalidated Redirects
  • Privacy Policy [1⭐] - Miscellaneous
  • Zero Stars [1⭐] - Improper Input Validation
======================================================================

🏆 Total Solved: 21/110 challenges
⏱️  Total Time: 0:00:16.189162

💪 Good start! Keep going!
